[0.055s] DEBUG:colcon:Command line arguments: ['/usr/bin/colcon', 'build', '--packages-select', 'ros2_control_bridge']
[0.055s] DEBUG:colcon:Parsed command line arguments: Namespace(log_base=None, log_level=None, verb_name='build', build_base='build', install_base='install', merge_install=False, symlink_install=False, test_result_base=None, continue_on_error=False, executor='parallel', parallel_workers=32, event_handlers=None, ignore_user_meta=False, metas=['./colcon.meta'], base_paths=['.'], packages_ignore=None, packages_ignore_regex=None, paths=None, packages_up_to=None, packages_up_to_regex=None, packages_above=None, packages_above_and_dependencies=None, packages_above_depth=None, packages_select_by_dep=None, packages_skip_by_dep=None, packages_skip_up_to=None, packages_select_build_failed=False, packages_skip_build_finished=False, packages_select_test_failures=False, packages_skip_test_passed=False, packages_select=['ros2_control_bridge'], packages_skip=None, packages_select_regex=None, packages_skip_regex=None, packages_start=None, packages_end=None, allow_overriding=[], cmake_args=['-DPython3_EXECUTABLE=/usr/bin/python3'], cmake_target=None, cmake_target_skip_unavailable=False, cmake_clean_cache=False, cmake_clean_first=False, cmake_force_configure=False, ament_cmake_args=None, catkin_cmake_args=None, catkin_skip_building_tests=False, mixin_files=None, mixin=None, verb_parser=<colcon_mixin.mixin.mixin_argument.MixinArgumentDecorator object at 0x791f2ffbae40>, verb_extension=<colcon_core.verb.build.BuildVerb object at 0x791f300e3800>, main=<bound method BuildVerb.main of <colcon_core.verb.build.BuildVerb object at 0x791f300e3800>>, mixin_verb=('build',))
[0.073s] Level 1:colcon.colcon_core.package_discovery:discover_packages(colcon_meta) check parameters
[0.073s] Level 1:colcon.colcon_core.package_discovery:discover_packages(recursive) check parameters
[0.073s] Level 1:colcon.colcon_core.package_discovery:discover_packages(ignore) check parameters
[0.073s] Level 1:colcon.colcon_core.package_discovery:discover_packages(path) check parameters
[0.073s] Level 1:colcon.colcon_core.package_discovery:discover_packages(colcon_meta) discover
[0.073s] Level 1:colcon.colcon_core.package_discovery:discover_packages(recursive) discover
[0.073s] INFO:colcon.colcon_core.package_discovery:Crawling recursively for packages in '/home/cdr/Work/ros-packages/ros2_control_bridge'
[0.073s] Level 1:colcon.colcon_core.package_identification:_identify(.) by extensions ['ignore', 'ignore_ament_install']
[0.073s] Level 1:colcon.colcon_core.package_identification:_identify(.) by extension 'ignore'
[0.073s] Level 1:colcon.colcon_core.package_identification:_identify(.) by extension 'ignore_ament_install'
[0.073s] Level 1:colcon.colcon_core.package_identification:_identify(.) by extensions ['colcon_pkg']
[0.073s] Level 1:colcon.colcon_core.package_identification:_identify(.) by extension 'colcon_pkg'
[0.073s] Level 1:colcon.colcon_core.package_identification:_identify(.) by extensions ['colcon_meta']
[0.073s] Level 1:colcon.colcon_core.package_identification:_identify(.) by extension 'colcon_meta'
[0.073s] Level 1:colcon.colcon_core.package_identification:_identify(.) by extensions ['ros']
[0.073s] Level 1:colcon.colcon_core.package_identification:_identify(.) by extension 'ros'
[0.089s] DEBUG:colcon.colcon_core.package_identification:Package '.' with type 'ros.ament_cmake' and name 'ros2_control_bridge'
[0.089s] Level 1:colcon.colcon_core.package_discovery:discover_packages(recursive) using defaults
[0.089s] Level 1:colcon.colcon_core.package_discovery:discover_packages(ignore) discover
[0.089s] Level 1:colcon.colcon_core.package_discovery:discover_packages(ignore) using defaults
[0.089s] Level 1:colcon.colcon_core.package_discovery:discover_packages(path) discover
[0.089s] Level 1:colcon.colcon_core.package_discovery:discover_packages(path) using defaults
[0.097s] Level 1:colcon.colcon_core.package_discovery:discover_packages(prefix_path) check parameters
[0.097s] Level 1:colcon.colcon_core.package_discovery:discover_packages(prefix_path) discover
[0.098s] DEBUG:colcon.colcon_installed_package_information.package_discovery:Found 423 installed packages in /opt/ros/jazzy
[0.099s] Level 1:colcon.colcon_core.package_discovery:discover_packages(prefix_path) using defaults
[0.126s] Level 5:colcon.colcon_core.verb:set package 'ros2_control_bridge' build argument 'cmake_args' from command line to '['-DPython3_EXECUTABLE=/usr/bin/python3']'
[0.126s] Level 5:colcon.colcon_core.verb:set package 'ros2_control_bridge' build argument 'cmake_target' from command line to 'None'
[0.126s] Level 5:colcon.colcon_core.verb:set package 'ros2_control_bridge' build argument 'cmake_target_skip_unavailable' from command line to 'False'
[0.126s] Level 5:colcon.colcon_core.verb:set package 'ros2_control_bridge' build argument 'cmake_clean_cache' from command line to 'False'
[0.126s] Level 5:colcon.colcon_core.verb:set package 'ros2_control_bridge' build argument 'cmake_clean_first' from command line to 'False'
[0.126s] Level 5:colcon.colcon_core.verb:set package 'ros2_control_bridge' build argument 'cmake_force_configure' from command line to 'False'
[0.126s] Level 5:colcon.colcon_core.verb:set package 'ros2_control_bridge' build argument 'ament_cmake_args' from command line to 'None'
[0.126s] Level 5:colcon.colcon_core.verb:set package 'ros2_control_bridge' build argument 'catkin_cmake_args' from command line to 'None'
[0.126s] Level 5:colcon.colcon_core.verb:set package 'ros2_control_bridge' build argument 'catkin_skip_building_tests' from command line to 'False'
[0.126s] DEBUG:colcon.colcon_core.verb:Building package 'ros2_control_bridge' with the following arguments: {'ament_cmake_args': None, 'build_base': '/home/cdr/Work/ros-packages/ros2_control_bridge/build/ros2_control_bridge', 'catkin_cmake_args': None, 'catkin_skip_building_tests': False, 'cmake_args': ['-DPython3_EXECUTABLE=/usr/bin/python3'], 'cmake_clean_cache': False, 'cmake_clean_first': False, 'cmake_force_configure': False, 'cmake_target': None, 'cmake_target_skip_unavailable': False, 'install_base': '/home/cdr/Work/ros-packages/ros2_control_bridge/install/ros2_control_bridge', 'merge_install': False, 'path': '/home/cdr/Work/ros-packages/ros2_control_bridge', 'symlink_install': False, 'test_result_base': None}
[0.126s] INFO:colcon.colcon_core.executor:Executing jobs using 'parallel' executor
[0.127s] DEBUG:colcon.colcon_parallel_executor.executor.parallel:run_until_complete
[0.127s] INFO:colcon.colcon_ros.task.ament_cmake.build:Building ROS package in '/home/cdr/Work/ros-packages/ros2_control_bridge' with build type 'ament_cmake'
[0.127s] INFO:colcon.colcon_cmake.task.cmake.build:Building CMake package in '/home/cdr/Work/ros-packages/ros2_control_bridge'
[0.127s] INFO:colcon.colcon_core.plugin_system:Skipping extension 'colcon_core.shell.bat': Not used on non-Windows systems
[0.127s] INFO:colcon.colcon_core.shell:Skip shell extension 'powershell' for command environment: Not usable outside of PowerShell
[0.127s] DEBUG:colcon.colcon_core.shell:Skip shell extension 'dsv' for command environment
[0.132s] DEBUG:colcon.colcon_core.event_handler.log_command:Invoking command in '/home/cdr/Work/ros-packages/ros2_control_bridge/build/ros2_control_bridge': CMAKE_PREFIX_PATH=${CMAKE_PREFIX_PATH}:/opt/ros/jazzy /usr/bin/cmake /home/cdr/Work/ros-packages/ros2_control_bridge -DPython3_EXECUTABLE=/usr/bin/python3 -DCMAKE_INSTALL_PREFIX=/home/cdr/Work/ros-packages/ros2_control_bridge/install/ros2_control_bridge
[1.040s] DEBUG:colcon.colcon_core.event_handler.log_command:Invoked command in '/home/cdr/Work/ros-packages/ros2_control_bridge/build/ros2_control_bridge' returned '0': CMAKE_PREFIX_PATH=${CMAKE_PREFIX_PATH}:/opt/ros/jazzy /usr/bin/cmake /home/cdr/Work/ros-packages/ros2_control_bridge -DPython3_EXECUTABLE=/usr/bin/python3 -DCMAKE_INSTALL_PREFIX=/home/cdr/Work/ros-packages/ros2_control_bridge/install/ros2_control_bridge
[1.041s] DEBUG:colcon.colcon_core.event_handler.log_command:Invoking command in '/home/cdr/Work/ros-packages/ros2_control_bridge/build/ros2_control_bridge': CMAKE_PREFIX_PATH=${CMAKE_PREFIX_PATH}:/opt/ros/jazzy /usr/bin/cmake --build /home/cdr/Work/ros-packages/ros2_control_bridge/build/ros2_control_bridge -- -j32 -l32
[5.310s] DEBUG:colcon.colcon_core.event_handler.log_command:Invoked command in '/home/cdr/Work/ros-packages/ros2_control_bridge/build/ros2_control_bridge' returned '0': CMAKE_PREFIX_PATH=${CMAKE_PREFIX_PATH}:/opt/ros/jazzy /usr/bin/cmake --build /home/cdr/Work/ros-packages/ros2_control_bridge/build/ros2_control_bridge -- -j32 -l32
[5.317s] DEBUG:colcon.colcon_core.event_handler.log_command:Invoking command in '/home/cdr/Work/ros-packages/ros2_control_bridge/build/ros2_control_bridge': CMAKE_PREFIX_PATH=${CMAKE_PREFIX_PATH}:/opt/ros/jazzy /usr/bin/cmake --install /home/cdr/Work/ros-packages/ros2_control_bridge/build/ros2_control_bridge
[5.329s] Level 1:colcon.colcon_core.environment:create_environment_scripts_only(ros2_control_bridge)
[5.329s] DEBUG:colcon.colcon_core.event_handler.log_command:Invoked command in '/home/cdr/Work/ros-packages/ros2_control_bridge/build/ros2_control_bridge' returned '0': CMAKE_PREFIX_PATH=${CMAKE_PREFIX_PATH}:/opt/ros/jazzy /usr/bin/cmake --install /home/cdr/Work/ros-packages/ros2_control_bridge/build/ros2_control_bridge
[5.331s] Level 1:colcon.colcon_core.environment:checking '/home/cdr/Work/ros-packages/ros2_control_bridge/install/ros2_control_bridge' for CMake module files
[5.331s] Level 1:colcon.colcon_core.environment:checking '/home/cdr/Work/ros-packages/ros2_control_bridge/install/ros2_control_bridge' for CMake config files
[5.331s] Level 1:colcon.colcon_core.shell:create_environment_hook('ros2_control_bridge', 'cmake_prefix_path')
[5.331s] INFO:colcon.colcon_core.shell:Creating environment hook '/home/cdr/Work/ros-packages/ros2_control_bridge/install/ros2_control_bridge/share/ros2_control_bridge/hook/cmake_prefix_path.ps1'
[5.332s] INFO:colcon.colcon_core.shell:Creating environment descriptor '/home/cdr/Work/ros-packages/ros2_control_bridge/install/ros2_control_bridge/share/ros2_control_bridge/hook/cmake_prefix_path.dsv'
[5.332s] INFO:colcon.colcon_core.shell:Creating environment hook '/home/cdr/Work/ros-packages/ros2_control_bridge/install/ros2_control_bridge/share/ros2_control_bridge/hook/cmake_prefix_path.sh'
[5.332s] Level 1:colcon.colcon_core.environment:checking '/home/cdr/Work/ros-packages/ros2_control_bridge/install/ros2_control_bridge/lib'
[5.333s] Level 1:colcon.colcon_core.shell:create_environment_hook('ros2_control_bridge', 'ld_library_path_lib')
[5.333s] INFO:colcon.colcon_core.shell:Creating environment hook '/home/cdr/Work/ros-packages/ros2_control_bridge/install/ros2_control_bridge/share/ros2_control_bridge/hook/ld_library_path_lib.ps1'
[5.333s] INFO:colcon.colcon_core.shell:Creating environment descriptor '/home/cdr/Work/ros-packages/ros2_control_bridge/install/ros2_control_bridge/share/ros2_control_bridge/hook/ld_library_path_lib.dsv'
[5.333s] INFO:colcon.colcon_core.shell:Creating environment hook '/home/cdr/Work/ros-packages/ros2_control_bridge/install/ros2_control_bridge/share/ros2_control_bridge/hook/ld_library_path_lib.sh'
[5.333s] Level 1:colcon.colcon_core.environment:checking '/home/cdr/Work/ros-packages/ros2_control_bridge/install/ros2_control_bridge/bin'
[5.333s] Level 1:colcon.colcon_core.environment:checking '/home/cdr/Work/ros-packages/ros2_control_bridge/install/ros2_control_bridge/lib/pkgconfig/ros2_control_bridge.pc'
[5.334s] Level 1:colcon.colcon_core.environment:checking '/home/cdr/Work/ros-packages/ros2_control_bridge/install/ros2_control_bridge/lib/python3.12/site-packages'
[5.334s] Level 1:colcon.colcon_core.environment:checking '/home/cdr/Work/ros-packages/ros2_control_bridge/install/ros2_control_bridge/bin'
[5.334s] INFO:colcon.colcon_core.shell:Creating package script '/home/cdr/Work/ros-packages/ros2_control_bridge/install/ros2_control_bridge/share/ros2_control_bridge/package.ps1'
[5.335s] INFO:colcon.colcon_core.shell:Creating package descriptor '/home/cdr/Work/ros-packages/ros2_control_bridge/install/ros2_control_bridge/share/ros2_control_bridge/package.dsv'
[5.335s] INFO:colcon.colcon_core.shell:Creating package script '/home/cdr/Work/ros-packages/ros2_control_bridge/install/ros2_control_bridge/share/ros2_control_bridge/package.sh'
[5.335s] INFO:colcon.colcon_core.shell:Creating package script '/home/cdr/Work/ros-packages/ros2_control_bridge/install/ros2_control_bridge/share/ros2_control_bridge/package.bash'
[5.336s] INFO:colcon.colcon_core.shell:Creating package script '/home/cdr/Work/ros-packages/ros2_control_bridge/install/ros2_control_bridge/share/ros2_control_bridge/package.zsh'
[5.336s] Level 1:colcon.colcon_core.environment:create_file_with_runtime_dependencies(/home/cdr/Work/ros-packages/ros2_control_bridge/install/ros2_control_bridge/share/colcon-core/packages/ros2_control_bridge)
[5.336s] Level 1:colcon.colcon_core.environment:create_environment_scripts_only(ros2_control_bridge)
[5.336s] Level 1:colcon.colcon_core.environment:checking '/home/cdr/Work/ros-packages/ros2_control_bridge/install/ros2_control_bridge' for CMake module files
[5.336s] Level 1:colcon.colcon_core.environment:checking '/home/cdr/Work/ros-packages/ros2_control_bridge/install/ros2_control_bridge' for CMake config files
[5.337s] Level 1:colcon.colcon_core.shell:create_environment_hook('ros2_control_bridge', 'cmake_prefix_path')
[5.337s] INFO:colcon.colcon_core.shell:Creating environment hook '/home/cdr/Work/ros-packages/ros2_control_bridge/install/ros2_control_bridge/share/ros2_control_bridge/hook/cmake_prefix_path.ps1'
[5.337s] INFO:colcon.colcon_core.shell:Creating environment descriptor '/home/cdr/Work/ros-packages/ros2_control_bridge/install/ros2_control_bridge/share/ros2_control_bridge/hook/cmake_prefix_path.dsv'
[5.337s] INFO:colcon.colcon_core.shell:Creating environment hook '/home/cdr/Work/ros-packages/ros2_control_bridge/install/ros2_control_bridge/share/ros2_control_bridge/hook/cmake_prefix_path.sh'
[5.337s] Level 1:colcon.colcon_core.environment:checking '/home/cdr/Work/ros-packages/ros2_control_bridge/install/ros2_control_bridge/lib'
[5.337s] Level 1:colcon.colcon_core.shell:create_environment_hook('ros2_control_bridge', 'ld_library_path_lib')
[5.337s] INFO:colcon.colcon_core.shell:Creating environment hook '/home/cdr/Work/ros-packages/ros2_control_bridge/install/ros2_control_bridge/share/ros2_control_bridge/hook/ld_library_path_lib.ps1'
[5.337s] INFO:colcon.colcon_core.shell:Creating environment descriptor '/home/cdr/Work/ros-packages/ros2_control_bridge/install/ros2_control_bridge/share/ros2_control_bridge/hook/ld_library_path_lib.dsv'
[5.337s] INFO:colcon.colcon_core.shell:Creating environment hook '/home/cdr/Work/ros-packages/ros2_control_bridge/install/ros2_control_bridge/share/ros2_control_bridge/hook/ld_library_path_lib.sh'
[5.338s] Level 1:colcon.colcon_core.environment:checking '/home/cdr/Work/ros-packages/ros2_control_bridge/install/ros2_control_bridge/bin'
[5.338s] Level 1:colcon.colcon_core.environment:checking '/home/cdr/Work/ros-packages/ros2_control_bridge/install/ros2_control_bridge/lib/pkgconfig/ros2_control_bridge.pc'
[5.338s] Level 1:colcon.colcon_core.environment:checking '/home/cdr/Work/ros-packages/ros2_control_bridge/install/ros2_control_bridge/lib/python3.12/site-packages'
[5.338s] Level 1:colcon.colcon_core.environment:checking '/home/cdr/Work/ros-packages/ros2_control_bridge/install/ros2_control_bridge/bin'
[5.338s] INFO:colcon.colcon_core.shell:Creating package script '/home/cdr/Work/ros-packages/ros2_control_bridge/install/ros2_control_bridge/share/ros2_control_bridge/package.ps1'
[5.338s] INFO:colcon.colcon_core.shell:Creating package descriptor '/home/cdr/Work/ros-packages/ros2_control_bridge/install/ros2_control_bridge/share/ros2_control_bridge/package.dsv'
[5.338s] INFO:colcon.colcon_core.shell:Creating package script '/home/cdr/Work/ros-packages/ros2_control_bridge/install/ros2_control_bridge/share/ros2_control_bridge/package.sh'
[5.339s] INFO:colcon.colcon_core.shell:Creating package script '/home/cdr/Work/ros-packages/ros2_control_bridge/install/ros2_control_bridge/share/ros2_control_bridge/package.bash'
[5.339s] INFO:colcon.colcon_core.shell:Creating package script '/home/cdr/Work/ros-packages/ros2_control_bridge/install/ros2_control_bridge/share/ros2_control_bridge/package.zsh'
[5.339s] Level 1:colcon.colcon_core.environment:create_file_with_runtime_dependencies(/home/cdr/Work/ros-packages/ros2_control_bridge/install/ros2_control_bridge/share/colcon-core/packages/ros2_control_bridge)
[5.339s] DEBUG:colcon.colcon_parallel_executor.executor.parallel:closing loop
[5.339s] DEBUG:colcon.colcon_parallel_executor.executor.parallel:loop closed
[5.339s] DEBUG:colcon.colcon_parallel_executor.executor.parallel:run_until_complete finished with '0'
[5.339s] DEBUG:colcon.colcon_core.event_reactor:joining thread
[5.341s] INFO:colcon.colcon_core.plugin_system:Skipping extension 'colcon_notification.desktop_notification.terminal_notifier': Not used on non-Darwin systems
[5.341s] INFO:colcon.colcon_core.plugin_system:Skipping extension 'colcon_notification.desktop_notification.win32': Not used on non-Windows systems
[5.341s] INFO:colcon.colcon_notification.desktop_notification:Sending desktop notification using 'notify2'
[5.350s] DEBUG:colcon.colcon_core.event_reactor:joined thread
[5.350s] INFO:colcon.colcon_core.shell:Creating prefix script '/home/cdr/Work/ros-packages/ros2_control_bridge/install/local_setup.ps1'
[5.351s] INFO:colcon.colcon_core.shell:Creating prefix util module '/home/cdr/Work/ros-packages/ros2_control_bridge/install/_local_setup_util_ps1.py'
[5.351s] INFO:colcon.colcon_core.shell:Creating prefix chain script '/home/cdr/Work/ros-packages/ros2_control_bridge/install/setup.ps1'
[5.351s] INFO:colcon.colcon_core.shell:Creating prefix script '/home/cdr/Work/ros-packages/ros2_control_bridge/install/local_setup.sh'
[5.352s] INFO:colcon.colcon_core.shell:Creating prefix util module '/home/cdr/Work/ros-packages/ros2_control_bridge/install/_local_setup_util_sh.py'
[5.352s] INFO:colcon.colcon_core.shell:Creating prefix chain script '/home/cdr/Work/ros-packages/ros2_control_bridge/install/setup.sh'
[5.352s] INFO:colcon.colcon_core.shell:Creating prefix script '/home/cdr/Work/ros-packages/ros2_control_bridge/install/local_setup.bash'
[5.352s] INFO:colcon.colcon_core.shell:Creating prefix chain script '/home/cdr/Work/ros-packages/ros2_control_bridge/install/setup.bash'
[5.353s] INFO:colcon.colcon_core.shell:Creating prefix script '/home/cdr/Work/ros-packages/ros2_control_bridge/install/local_setup.zsh'
[5.353s] INFO:colcon.colcon_core.shell:Creating prefix chain script '/home/cdr/Work/ros-packages/ros2_control_bridge/install/setup.zsh'
