-- The C compiler identification is GNU 13.3.0
-- The CXX compiler identification is GNU 13.3.0
-- Detecting C compiler ABI info
-- Detecting C compiler ABI info - done
-- Check for working C compiler: /usr/bin/cc - skipped
-- Detecting C compile features
-- Detecting C compile features - done
-- Detecting CXX compiler ABI info
-- Detecting CXX compiler ABI info - done
-- Check for working CXX compiler: /usr/bin/c++ - skipped
-- Detecting CXX compile features
-- Detecting CXX compile features - done
-- Found ament_cmake: 2.5.6 (/opt/ros/jazzy/share/ament_cmake/cmake)
-- Found Python3: /usr/bin/python3 (found version "3.12.3") found components: Interpreter 
-- Found hardware_interface: 4.45.2 (/opt/ros/jazzy/share/hardware_interface/cmake)
-- Found rosidl_generator_c: 4.6.9 (/opt/ros/jazzy/share/rosidl_generator_c/cmake)
-- Found rosidl_generator_cpp: 4.6.9 (/opt/ros/jazzy/share/rosidl_generator_cpp/cmake)
-- Using all available rosidl_typesupport_c: rosidl_typesupport_fastrtps_c;rosidl_typesupport_introspection_c
-- Using all available rosidl_typesupport_cpp: rosidl_typesupport_fastrtps_cpp;rosidl_typesupport_introspection_cpp
-- Found TinyXML2 via Config file: /usr/lib/x86_64-linux-gnu/cmake/tinyxml2
-- Found rmw_implementation_cmake: 7.3.3 (/opt/ros/jazzy/share/rmw_implementation_cmake/cmake)
-- Found rmw_fastrtps_cpp: 8.4.4 (/opt/ros/jazzy/share/rmw_fastrtps_cpp/cmake)
-- Found TinyXML2 via Config file: /usr/lib/x86_64-linux-gnu/cmake/tinyxml2
-- Found OpenSSL: /usr/lib/x86_64-linux-gnu/libcrypto.so (found version "3.0.13")  
-- Found TinyXML2 via Config file: /usr/lib/x86_64-linux-gnu/cmake/tinyxml2
-- Found FastRTPS: /opt/ros/jazzy/include (Required is at least version "2.13") 
-- Found TinyXML2 via Config file: /usr/lib/x86_64-linux-gnu/cmake/tinyxml2
-- Found TinyXML2 via Config file: /usr/lib/x86_64-linux-gnu/cmake/tinyxml2
-- Using RMW implementation 'rmw_fastrtps_cpp' as default
-- Found ament_lint_auto: 0.17.5 (/opt/ros/jazzy/share/ament_lint_auto/cmake)
-- Added test 'copyright' to check source files copyright and LICENSE
-- Added test 'cppcheck' to perform static code analysis on C / C++ code
-- Configured cppcheck include dirs: /home/cdr/Work/ros-packages/ros2_control_bridge/include
-- Configured cppcheck exclude dirs and/or files: 
-- Added test 'cpplint' to check C / C++ code against the Google style
-- Configured cpplint exclude dirs and/or files: 
-- Added test 'lint_cmake' to check CMake code style
-- Added test 'uncrustify' to check C / C++ code style
-- Configured uncrustify additional arguments: 
-- Added test 'xmllint' to check XML markup files
-- Configuring done (0.9s)
-- Generating done (0.0s)
-- Build files have been written to: /home/cdr/Work/ros-packages/ros2_control_bridge/build/ros2_control_bridge
[ 50%] Building CXX object CMakeFiles/ros2_control_bridge.dir/src/topic_bridge.cpp.o
[100%] Linking CXX shared library libros2_control_bridge.so
[100%] Built target ros2_control_bridge
-- Install configuration: ""
-- Installing: /home/cdr/Work/ros-packages/ros2_control_bridge/install/ros2_control_bridge/share/ros2_control_bridge/plugin_description.xml
-- Installing: /home/cdr/Work/ros-packages/ros2_control_bridge/install/ros2_control_bridge/lib/libros2_control_bridge.so
-- Set non-toolchain portion of runtime path of "/home/cdr/Work/ros-packages/ros2_control_bridge/install/ros2_control_bridge/lib/libros2_control_bridge.so" to ""
-- Installing: /home/cdr/Work/ros-packages/ros2_control_bridge/install/ros2_control_bridge/include
-- Installing: /home/cdr/Work/ros-packages/ros2_control_bridge/install/ros2_control_bridge/include/ros2_control_bridge
-- Installing: /home/cdr/Work/ros-packages/ros2_control_bridge/install/ros2_control_bridge/include/ros2_control_bridge/topic_bridge.hpp
-- Up-to-date: /home/cdr/Work/ros-packages/ros2_control_bridge/install/ros2_control_bridge/share/ros2_control_bridge/plugin_description.xml
-- Installing: /home/cdr/Work/ros-packages/ros2_control_bridge/install/ros2_control_bridge/share/ament_index/resource_index/package_run_dependencies/ros2_control_bridge
-- Installing: /home/cdr/Work/ros-packages/ros2_control_bridge/install/ros2_control_bridge/share/ament_index/resource_index/parent_prefix_path/ros2_control_bridge
-- Installing: /home/cdr/Work/ros-packages/ros2_control_bridge/install/ros2_control_bridge/share/ros2_control_bridge/environment/ament_prefix_path.sh
-- Installing: /home/cdr/Work/ros-packages/ros2_control_bridge/install/ros2_control_bridge/share/ros2_control_bridge/environment/ament_prefix_path.dsv
-- Installing: /home/cdr/Work/ros-packages/ros2_control_bridge/install/ros2_control_bridge/share/ros2_control_bridge/environment/path.sh
-- Installing: /home/cdr/Work/ros-packages/ros2_control_bridge/install/ros2_control_bridge/share/ros2_control_bridge/environment/path.dsv
-- Installing: /home/cdr/Work/ros-packages/ros2_control_bridge/install/ros2_control_bridge/share/ros2_control_bridge/local_setup.bash
-- Installing: /home/cdr/Work/ros-packages/ros2_control_bridge/install/ros2_control_bridge/share/ros2_control_bridge/local_setup.sh
-- Installing: /home/cdr/Work/ros-packages/ros2_control_bridge/install/ros2_control_bridge/share/ros2_control_bridge/local_setup.zsh
-- Installing: /home/cdr/Work/ros-packages/ros2_control_bridge/install/ros2_control_bridge/share/ros2_control_bridge/local_setup.dsv
-- Installing: /home/cdr/Work/ros-packages/ros2_control_bridge/install/ros2_control_bridge/share/ros2_control_bridge/package.dsv
-- Installing: /home/cdr/Work/ros-packages/ros2_control_bridge/install/ros2_control_bridge/share/ament_index/resource_index/packages/ros2_control_bridge
-- Installing: /home/cdr/Work/ros-packages/ros2_control_bridge/install/ros2_control_bridge/share/ament_index/resource_index/hardware_interface__pluginlib__plugin/ros2_control_bridge
-- Installing: /home/cdr/Work/ros-packages/ros2_control_bridge/install/ros2_control_bridge/share/ros2_control_bridge/cmake/ros2_control_bridgeConfig.cmake
-- Installing: /home/cdr/Work/ros-packages/ros2_control_bridge/install/ros2_control_bridge/share/ros2_control_bridge/cmake/ros2_control_bridgeConfig-version.cmake
-- Installing: /home/cdr/Work/ros-packages/ros2_control_bridge/install/ros2_control_bridge/share/ros2_control_bridge/package.xml
